
Hexidecimal

Area                               Addr   Size   Decimal Bytes
--------------------------------   ----   ----   ------- -----
text                               C000   31E0 =  12768. bytes 

      Value  Global
      -----  --------------------------------
       C000  __start                         
       C01C  _exit                           
       C01E  _dynamic_dim                    
       C022  _font                           
       C036  _extender                       
       C03F  _nextdim                        
       C051  _initialization                 
       C053  FRAME.79                        
       C058  FRAME.80                        
       C05D  FRAME.81                        
       C067  FRAME.83                        
       C06C  FRAME.85                        
       C071  FRAME.86                        
       C077  FRAME.88                        
       C07C  FRAME.90                        
       C096  FRAME.92                        
       C09E  FRAME.93                        
       C0A6  FRAME.98                        
       C0AB  FRAME.99                        
       C0B0  FRAME.100                       
       C0B5  FRAME.103                       
       C0BD  FRAME.104                       
       C0C2  FRAME.105                       
       C0C7  FRAME.106                       
       C0CC  FRAME.111                       
       C0D4  FRAME.112                       
       C0DC  FRAME.115                       
       C0E4  FRAME.118                       
       C0F0  _putcharacters                  
       C0F7  FRAME.127                       
       C120  FRAME.128                       
       C137  FRAME.129                       
       C13B  FRAME.131                       
       C14A  FRAME.132                       
       C15E  FRAME.133                       
       C191  FRAME.134                       
       C197  FRAME.136                       
       C1C0  FRAME.137                       
       C1E2  FRAME.138                       
       C1F7  FRAME.139                       
       C205  FRAME.143                       
       C211  FRAME.144                       
       C21D  FRAME.145                       
       C233  FRAME.146                       
       C23B  FRAME.147                       
       C26F  FRAME.150                       
       C277  FRAME.151                       
       C286  _delay                          
       C289  FRAME.158                       
       C2B2  FRAME.159                       
       C2CA  FRAME.160                       
       C2CF  FRAME.161                       
       C2D8  FRAME.162                       
       C303  FRAME.164                       
       C30A  _proceed_dim                    
       C30A  FRAME.168                       
       C333  FRAME.169                       
       C33D  FRAME.170                       
       C346  FRAME.171                       
       C352  _home_score                     
       C357  FRAME.187                       
       C35B  FRAME.189                       
       C384  FRAME.191                       
       C38D  FRAME.192                       
       C392  FRAME.193                       
       C397  FRAME.194                       
       C39D  FRAME.195                       
       C3A3  FRAME.196                       
       C3AC  FRAME.198                       
       C3B8  FRAME.199                       
       C3CC  FRAME.200                       
       C3DD  FRAME.201                       
       C412  FRAME.202                       
       C432  FRAME.204                       
       C44E  FRAME.205                       
       C462  FRAME.206                       
       C467  FRAME.207                       
       C46C  FRAME.208                       
       C471  FRAME.209                       
       C476  FRAME.210                       
       C47B  FRAME.211                       
       C484  FRAME.213                       
       C491  FRAME.214                       
       C49B  FRAME.215                       
       C4A0  FRAME.216                       
       C4A5  FRAME.217                       
       C4DA  FRAME.218                       
       C4FA  FRAME.220                       
       C504  FRAME.221                       
       C509  FRAME.222                       
       C50E  FRAME.223                       
       C514  FRAME.224                       
       C549  FRAME.225                       
       C569  FRAME.227                       
       C583  FRAME.228                       
       C5C9  FRAME.229                       
       C5DE  FRAME.230                       
       C5FB  FRAME.231                       
       C61C  _guest_score                    
       C621  FRAME.239                       
       C625  FRAME.241                       
       C64E  FRAME.243                       
       C657  FRAME.244                       
       C65C  FRAME.245                       
       C661  FRAME.246                       
       C667  FRAME.247                       
       C66D  FRAME.248                       
       C676  FRAME.250                       
       C682  FRAME.251                       
       C696  FRAME.252                       
       C6A7  FRAME.253                       
       C6DC  FRAME.254                       
       C6FC  FRAME.256                       
       C718  FRAME.257                       
       C72C  FRAME.258                       
       C731  FRAME.259                       
       C736  FRAME.260                       
       C73B  FRAME.261                       
       C740  FRAME.262                       
       C745  FRAME.263                       
       C74E  FRAME.265                       
       C75B  FRAME.266                       
       C765  FRAME.267                       
       C76A  FRAME.268                       
       C76F  FRAME.269                       
       C7A4  FRAME.270                       
       C7C4  FRAME.272                       
       C7CE  FRAME.273                       
       C7D3  FRAME.274                       
       C7D8  FRAME.275                       
       C7DE  FRAME.276                       
       C813  FRAME.277                       
       C833  FRAME.279                       
       C84D  FRAME.280                       
       C893  FRAME.281                       
       C8A8  FRAME.282                       
       C8C5  FRAME.283                       
       C8E6  _period                         
       C8EB  FRAME.290                       
       C8EF  FRAME.292                       
       C918  FRAME.294                       
       C921  FRAME.295                       
       C926  FRAME.296                       
       C92B  FRAME.297                       
       C934  FRAME.299                       
       C940  FRAME.300                       
       C954  FRAME.301                       
       C965  FRAME.302                       
       C992  FRAME.304                       
       C9AE  FRAME.305                       
       C9C2  FRAME.306                       
       C9C7  FRAME.307                       
       C9CC  FRAME.308                       
       C9D1  FRAME.309                       
       C9D6  FRAME.310                       
       C9DF  FRAME.312                       
       C9EC  FRAME.313                       
       C9F6  FRAME.314                       
       C9FB  FRAME.315                       
       CA00  FRAME.316                       
       CA2C  FRAME.318                       
       CA36  FRAME.319                       
       CA3B  FRAME.320                       
       CA40  FRAME.321                       
       CA46  FRAME.322                       
       CA71  FRAME.324                       
       CA85  FRAME.325                       
       CA90  FRAME.326                       
       CAA0  FRAME.327                       
       CABC  _bonus_possession               
       CAC2  FRAME.334                       
       CAC6  FRAME.336                       
       CAEF  FRAME.338                       
       CAF8  FRAME.339                       
       CAFD  FRAME.340                       
       CB06  FRAME.342                       
       CB1F  FRAME.343                       
       CB4E  FRAME.344                       
       CB7D  FRAME.345                       
       CBA7  _home_fouls                     
       CBAD  FRAME.351                       
       CBB1  FRAME.353                       
       CBDA  FRAME.355                       
       CBE3  FRAME.356                       
       CBE8  FRAME.357                       
       CBED  FRAME.358                       
       CBF6  FRAME.360                       
       CC02  FRAME.361                       
       CC16  FRAME.362                       
       CC27  FRAME.363                       
       CC43  FRAME.365                       
       CC5F  FRAME.366                       
       CC73  FRAME.367                       
       CC78  FRAME.368                       
       CC7D  FRAME.369                       
       CC82  FRAME.370                       
       CC87  FRAME.371                       
       CC90  FRAME.373                       
       CC9D  FRAME.374                       
       CCA7  FRAME.375                       
       CCAC  FRAME.376                       
       CCB1  FRAME.377                       
       CCCC  FRAME.379                       
       CCD6  FRAME.380                       
       CCDB  FRAME.381                       
       CCE0  FRAME.382                       
       CCE6  FRAME.383                       
       CD00  FRAME.385                       
       CD14  FRAME.386                       
       CD2F  FRAME.387                       
       CD44  FRAME.388                       
       CD62  _guest_fouls                    
       CD68  FRAME.398                       
       CD6C  FRAME.400                       
       CD95  FRAME.402                       
       CD9E  FRAME.403                       
       CDA3  FRAME.404                       
       CDA8  FRAME.405                       
       CDB1  FRAME.407                       
       CDBD  FRAME.408                       
       CDD1  FRAME.409                       
       CDE2  FRAME.410                       
       CDFE  FRAME.412                       
       CE1A  FRAME.413                       
       CE2E  FRAME.414                       
       CE33  FRAME.415                       
       CE38  FRAME.416                       
       CE3D  FRAME.417                       
       CE42  FRAME.418                       
       CE4B  FRAME.420                       
       CE58  FRAME.421                       
       CE62  FRAME.422                       
       CE67  FRAME.423                       
       CE6C  FRAME.424                       
       CE87  FRAME.426                       
       CE91  FRAME.427                       
       CE96  FRAME.428                       
       CE9B  FRAME.429                       
       CEA1  FRAME.430                       
       CEBB  FRAME.432                       
       CECF  FRAME.433                       
       CEEA  FRAME.434                       
       CEFF  FRAME.435                       
       CF1D  _player_foul                    
       CF22  FRAME.444                       
       CF26  FRAME.446                       
       CF4F  FRAME.448                       
       CF58  FRAME.449                       
       CF5D  FRAME.450                       
       CF62  FRAME.451                       
       CF6B  FRAME.453                       
       CF77  FRAME.454                       
       CF8B  FRAME.455                       
       CF9C  FRAME.456                       
       CFC9  FRAME.458                       
       CFE5  FRAME.459                       
       CFF9  FRAME.460                       
       CFFE  FRAME.461                       
       D003  FRAME.462                       
       D008  FRAME.463                       
       D00D  FRAME.464                       
       D016  FRAME.466                       
       D023  FRAME.467                       
       D02D  FRAME.468                       
       D032  FRAME.469                       
       D037  FRAME.470                       
       D063  FRAME.472                       
       D06D  FRAME.473                       
       D072  FRAME.474                       
       D077  FRAME.475                       
       D07D  FRAME.476                       
       D0A8  FRAME.478                       
       D0BC  FRAME.479                       
       D0C7  FRAME.480                       
       D0D7  FRAME.481                       
       D0F3  _yards_to_go                    
       D0F8  FRAME.490                       
       D0FC  FRAME.492                       
       D125  FRAME.494                       
       D12E  FRAME.495                       
       D133  FRAME.496                       
       D138  FRAME.497                       
       D13E  FRAME.498                       
       D144  FRAME.499                       
       D14D  FRAME.501                       
       D159  FRAME.502                       
       D16D  FRAME.503                       
       D17E  FRAME.504                       
       D1B3  FRAME.505                       
       D1D3  FRAME.507                       
       D1EF  FRAME.508                       
       D203  FRAME.509                       
       D208  FRAME.510                       
       D20D  FRAME.511                       
       D212  FRAME.512                       
       D217  FRAME.513                       
       D21C  FRAME.514                       
       D225  FRAME.516                       
       D232  FRAME.517                       
       D23C  FRAME.518                       
       D241  FRAME.519                       
       D246  FRAME.520                       
       D27B  FRAME.521                       
       D29B  FRAME.523                       
       D2A5  FRAME.524                       
       D2AA  FRAME.525                       
       D2AF  FRAME.526                       
       D2B5  FRAME.527                       
       D2EA  FRAME.528                       
       D30A  FRAME.530                       
       D324  FRAME.531                       
       D36A  FRAME.532                       
       D37F  FRAME.533                       
       D39C  FRAME.534                       
       D3BD  _ball_on                        
       D3C2  FRAME.543                       
       D3C6  FRAME.545                       
       D3EF  FRAME.547                       
       D3F8  FRAME.548                       
       D3FD  FRAME.549                       
       D402  FRAME.550                       
       D408  FRAME.551                       
       D40E  FRAME.552                       
       D417  FRAME.554                       
       D423  FRAME.555                       
       D437  FRAME.556                       
       D448  FRAME.557                       
       D47D  FRAME.558                       
       D49D  FRAME.560                       
       D4B9  FRAME.561                       
       D4CD  FRAME.562                       
       D4D2  FRAME.563                       
       D4D7  FRAME.564                       
       D4DC  FRAME.565                       
       D4E1  FRAME.566                       
       D4E6  FRAME.567                       
       D4EF  FRAME.569                       
       D4FC  FRAME.570                       
       D506  FRAME.571                       
       D50B  FRAME.572                       
       D510  FRAME.573                       
       D545  FRAME.574                       
       D565  FRAME.576                       
       D56F  FRAME.577                       
       D574  FRAME.578                       
       D579  FRAME.579                       
       D57F  FRAME.580                       
       D5B4  FRAME.581                       
       D5D4  FRAME.583                       
       D5EE  FRAME.584                       
       D634  FRAME.585                       
       D649  FRAME.586                       
       D666  FRAME.587                       
       D687  _test_segments                  
       D68E  FRAME.600                       
       D6B7  FRAME.602                       
       D6D3  FRAME.603                       
       D6EF  FRAME.604                       
       D709  FRAME.605                       
       D74F  FRAME.606                       
       D75F  FRAME.607                       
       D78B  FRAME.608                       
       D78E  FRAME.609                       
       D7AA  FRAME.610                       
       D7D6  FRAME.611                       
       D7D9  FRAME.612                       
       D7FD  FRAME.614                       
       D845  FRAME.615                       
       D851  _day_time                       
       D85A  FRAME.622                       
       D85E  FRAME.629                       
       D887  FRAME.631                       
       D890  FRAME.632                       
       D89A  FRAME.633                       
       D89F  FRAME.634                       
       D8A4  FRAME.635                       
       D8A9  FRAME.636                       
       D8AE  FRAME.637                       
       D8B9  FRAME.638                       
       D8BE  FRAME.640                       
       D8C4  FRAME.641                       
       D8CA  FRAME.642                       
       D8D0  FRAME.643                       
       D8DA  FRAME.646                       
       D8E6  FRAME.647                       
       D949  FRAME.648                       
       D979  FRAME.649                       
       D991  FRAME.650                       
       D996  FRAME.651                       
       D9AA  FRAME.652                       
       D9AF  FRAME.653                       
       D9B6  FRAME.654                       
       D9DE  FRAME.655                       
       D9E3  FRAME.656                       
       D9F7  FRAME.657                       
       D9FC  FRAME.658                       
       DA01  FRAME.665                       
       DA0E  FRAME.666                       
       DA25  FRAME.667                       
       DA3D  FRAME.668                       
       DA55  FRAME.669                       
       DA70  FRAME.673                       
       DA7C  FRAME.674                       
       DA98  FRAME.675                       
       DABA  FRAME.676                       
       DACE  FRAME.677                       
       DAD3  FRAME.678                       
       DAEC  FRAME.679                       
       DB16  FRAME.680                       
       DB1B  FRAME.681                       
       DB23  FRAME.683                       
       DB30  FRAME.684                       
       DB4A  FRAME.685                       
       DB8B  FRAME.686                       
       DB96  FRAME.687                       
       DBAE  FRAME.688                       
       DBC6  FRAME.689                       
       DBDE  FRAME.690                       
       DBFA  FRAME.692                       
       DC04  FRAME.693                       
       DC09  FRAME.694                       
       DC11  FRAME.696                       
       DC1B  FRAME.697                       
       DC20  FRAME.698                       
       DC61  FRAME.699                       
       DC68  FRAME.702                       
       DC88  _game_time                      
       DC91  FRAME.708                       
       DC95  FRAME.716                       
       DCBE  FRAME.718                       
       DCCA  FRAME.719                       
       DCD2  FRAME.720                       
       DCD7  FRAME.721                       
       DCDA  FRAME.722                       
       DCDF  FRAME.723                       
       DCE4  FRAME.724                       
       DCE9  FRAME.725                       
       DCEF  FRAME.726                       
       DCF7  FRAME.727                       
       DCFD  FRAME.728                       
       DD07  FRAME.729                       
       DD12  FRAME.730                       
       DD18  FRAME.731                       
       DD1E  FRAME.732                       
       DD24  FRAME.733                       
       DD2E  FRAME.736                       
       DD3A  FRAME.737                       
       DD4A  FRAME.738                       
       DD64  FRAME.739                       
       DDBE  FRAME.740                       
       DE21  FRAME.741                       
       DE51  FRAME.742                       
       DE69  FRAME.743                       
       DE6E  FRAME.744                       
       DE85  FRAME.745                       
       DE8A  FRAME.746                       
       DEA1  FRAME.747                       
       DEA6  FRAME.748                       
       DEBD  FRAME.749                       
       DEC5  FRAME.756                       
       DF0F  FRAME.757                       
       DF72  FRAME.758                       
       DFA2  FRAME.759                       
       DFB7  FRAME.761                       
       DFBC  FRAME.762                       
       DFD0  FRAME.764                       
       DFD5  FRAME.765                       
       DFE9  FRAME.767                       
       DFF3  FRAME.768                       
       DFF8  FRAME.769                       
       E000  FRAME.777                       
       E00D  FRAME.778                       
       E041  FRAME.779                       
       E06A  FRAME.780                       
       E0A3  FRAME.781                       
       E102  FRAME.782                       
       E10A  FRAME.785                       
       E133  FRAME.786                       
       E14B  FRAME.787                       
       E163  FRAME.788                       
       E17B  FRAME.791                       
       E188  FRAME.792                       
       E190  FRAME.793                       
       E21C  FRAME.795                       
       E221  FRAME.796                       
       E233  FRAME.797                       
       E239  FRAME.798                       
       E242  FRAME.800                       
       E24A  FRAME.804                       
       E25C  FRAME.805                       
       E261  FRAME.806                       
       E269  FRAME.807                       
       E271  FRAME.812                       
       E27D  FRAME.813                       
       E299  FRAME.814                       
       E2AD  FRAME.815                       
       E2B2  FRAME.816                       
       E2CB  FRAME.817                       
       E2F5  FRAME.818                       
       E2FA  FRAME.819                       
       E302  FRAME.821                       
       E31E  FRAME.822                       
       E332  FRAME.823                       
       E337  FRAME.824                       
       E33D  FRAME.825                       
       E345  FRAME.826                       
       E34D  FRAME.828                       
       E361  FRAME.829                       
       E375  FRAME.830                       
       E389  FRAME.831                       
       E39B  FRAME.833                       
       E3A0  FRAME.834                       
       E3A9  FRAME.837                       
       E3BD  FRAME.838                       
       E3CF  FRAME.839                       
       E3D8  FRAME.841                       
       E3E2  FRAME.842                       
       E3EA  FRAME.843                       
       E3F2  FRAME.845                       
       E3FC  FRAME.846                       
       E40E  FRAME.847                       
       E420  FRAME.848                       
       E428  FRAME.850                       
       E432  FRAME.851                       
       E43C  FRAME.852                       
       E441  FRAME.853                       
       E44C  FRAME.854                       
       E45B  FRAME.855                       
       E46A  FRAME.856                       
       E474  FRAME.857                       
       E479  FRAME.859                       
       E482  FRAME.861                       
       E48C  FRAME.862                       
       E496  FRAME.863                       
       E49B  FRAME.864                       
       E4AF  FRAME.865                       
       E4B4  FRAME.867                       
       E4BC  FRAME.869                       
       E4C9  FRAME.870                       
       E4E3  FRAME.871                       
       E4E9  FRAME.872                       
       E4EF  FRAME.873                       
       E4F5  FRAME.874                       
       E500  FRAME.875                       
       E518  FRAME.876                       
       E530  FRAME.877                       
       E548  FRAME.878                       
       E564  FRAME.880                       
       E5A0  FRAME.882                       
       E5A5  FRAME.883                       
       E5AD  FRAME.885                       
       E5BA  FRAME.886                       
       E5BF  FRAME.887                       
       E605  FRAME.888                       
       E657  FRAME.889                       
       E65C  FRAME.890                       
       E661  FRAME.891                       
       E666  FRAME.895                       
       E67A  FRAME.896                       
       E682  FRAME.897                       
       E68E  _process_data                   
       E692  FRAME.907                       
       E6BF  FRAME.915                       
       E6C5  FRAME.916                       
       E6CC  FRAME.917                       
       E6D3  FRAME.918                       
       E6DA  FRAME.920                       
       E6E1  FRAME.921                       
       E6E8  FRAME.922                       
       E6EF  FRAME.924                       
       E6F6  FRAME.925                       
       E6FD  FRAME.931                       
       E70A  FRAME.932                       
       E711  FRAME.933                       
       E718  FRAME.935                       
       E740  FRAME.937                       
       E769  FRAME.938                       
       E76E  FRAME.939                       
       E779  _main                           
       E77C  FRAME.949                       
       E7A5  FRAME.950                       
       E7AA  FRAME.951                       
       E7AD  FRAME.952                       
       E7B3  FRAME.954                       
       E7B3  FRAME.957                       
       E7E0  FRAME.958                       
       E7E9  FRAME.959                       
       E814  FRAME.961                       
       E81A  FRAME.962                       
       E827  FRAME.963                       
       E852  _datachange                     
       E854  FRAME.972                       
       E87D  FRAME.973                       
       E880  FRAME.974                       
       E893  _integrate                      
       E897  FRAME.979                       
       E8C0  FRAME.981                       
       E8DE  FRAME.982                       
       E8E3  FRAME.983                       
       E8E8  FRAME.984                       
       E8EB  FRAME.987                       
       E90A  FRAME.988                       
       E90F  FRAME.989                       
       E938  __sci                           
       E93D  FRAME.1001                      
       E944  FRAME.1004                      
       E96D  FRAME.1006                      
       E973  FRAME.1007                      
       E979  FRAME.1008                      
       E996  FRAME.1009                      
       E999  FRAME.1010                      
       E9D5  FRAME.1013                      
       E9E1  FRAME.1014                      
       EA26  FRAME.1015                      
       EA58  __rti                           
       EA5C  FRAME.1024                      
       EA61  FRAME.1026                      
       EA8A  FRAME.1028                      
       EA9C  FRAME.1030                      
       EAA2  FRAME.1033                      
       EABE  FRAME.1034                      
       EAD6  FRAME.1035                      
       EAEF  FRAME.1036                      
       EAF2  FRAME.1037                      
       EB0E  FRAME.1039                      
       EB29  FRAME.1040                      
       EB41  FRAME.1041                      
       EB5A  FRAME.1042                      
       EB5D  FRAME.1043                      
       EB79  FRAME.1045                      
       EB9D  FRAME.1046                      
       EBB5  FRAME.1047                      
       EBF0  FRAME.1049                      
       EC29  FRAME.1050                      
       EC2C  FRAME.1051                      
       EC48  FRAME.1053                      
       EC6C  FRAME.1054                      
       EC84  FRAME.1055                      
       EC8C  FRAME.1056                      
       ECA3  FRAME.1057                      
       ECB1  FRAME.1058                      
       ECDF  FRAME.1059                      
       ECE2  FRAME.1060                      
       ECFD  FRAME.1062                      
       ED1D  __fpmod                         
       ED29  __fpmul                         
       ED53  __fp_return_max                 
       ED55  __fp_return_div0                
       ED5C  __fp_return_zero                
       EDE2  __fp_remcomp                    
       EE2A  __fpsub                         
       EE38  __fp_intfrac                    
       EE63  __fp_is_acc1_zero               
       EE6E  __fp_xfer_acc1_to_acc2          
       EE81  __push_fpacc2                   
       EE8B  __pull_fpacc2                   
       EE9B  __to_fpacc1                     
       EEB7  __to_fpacc2                     
       EED2  __from_fpacc1                   
       EEE3  __from_fpacc2                   
       EEF4  __copy_float                    
       EEFF  ONE                             
       EF03  CONSTP5                         
       EF07  CONSTP1                         
       EF0B  CONST10                         
       EF0F  __fpneg                         
       EF19  LNTBL                           
       EF36  MONE                            
       EF3A  NLN2                            
       EF3E  N1DLN10                         
       EF59  __fp_to_int                     
       EF86  __fpadd                         
       F09A  __fpcmp                         
       F0D4  __fpdiv                         
       F171  __mulu                          
       F171  __muli                          
       F190  __divi                          
       F1BB  __modi                          

Hexidecimal

Area                               Addr   Size   Decimal Bytes
--------------------------------   ----   ----   ------- -----
bss                                0000   00B7 =    183. bytes 

      Value  Global
      -----  --------------------------------
       0000  __bss_start                     
       0062  _buffer                         
       0066  _no_rx_time                     
       0068  _blink_segments                 
       0069  _blink_character                
       006A  _day_time_data                  
       0072  _data                           
       00A2  _dim                            
       00A4  _power_on_restarted             
       00A5  _received                       
       00A6  _sci_input_counter              
       00AA  _sci_input_buffer               
       00AB  _mode                           
       00AC  _system_flag                    
       00AD  __fpacc1_exp                    
       00AE  __fpacc1_mantissa               
       00B1  __fpacc1_mantissa_sign          
       00B2  __fpacc2_exp                    
       00B3  __fpacc2_mantissa               
       00B6  __fpacc2_mantissa_sign          
       00B7  __bss_end                       

Hexidecimal

Area                               Addr   Size   Decimal Bytes
--------------------------------   ----   ----   ------- -----
interrupt_vectors                  FFD6   002A =     42. bytes 

Files Linked      [ module(s) ]

I:\ICC11\lib\crt11.o  [    CRT11 ]
FRAME.o           [    FRAME ]
<library>         [ fpmodmul,    fpsub,       fp,   fp2int,    fpadd,
                       fpcmp,    fpdiv,      mul,      div,      mod ]
I:\ICC11\lib\end.o  [      end ]

User Base Address Definitions

text = 0xc000
data = 0x0
interrupt_vectors = 0xffd6

