
Hexidecimal

Area                               Addr   Size   Decimal Bytes
--------------------------------   ----   ----   ------- -----
text                               C000   28EC =  10476. bytes 

      Value  Global
      -----  --------------------------------
       C000  __start                         
       C01C  _exit                           
       C01E  _dynamic_dim                    
       C022  _font                           
       C036  _extender                       
       C03F  _nextdim                        
       C051  _initialization                 
       C053  N.79                            
       C058  N.80                            
       C05D  N.81                            
       C067  N.83                            
       C06C  N.85                            
       C071  N.86                            
       C077  N.88                            
       C07C  N.90                            
       C096  N.92                            
       C09E  N.93                            
       C0A6  N.98                            
       C0AB  N.99                            
       C0B0  N.100                           
       C0B5  N.103                           
       C0BD  N.104                           
       C0C2  N.105                           
       C0C7  N.106                           
       C0CC  N.111                           
       C0D4  N.112                           
       C0DC  N.115                           
       C0E4  N.118                           
       C0F0  _putcharacters                  
       C0F7  N.127                           
       C120  N.128                           
       C138  N.129                           
       C13C  N.131                           
       C14B  N.132                           
       C15F  N.133                           
       C192  N.134                           
       C198  N.136                           
       C1C1  N.137                           
       C1E3  N.138                           
       C1F8  N.139                           
       C206  N.143                           
       C212  N.144                           
       C21E  N.145                           
       C234  N.146                           
       C23C  N.147                           
       C270  N.150                           
       C278  N.151                           
       C287  _delay                          
       C28A  N.158                           
       C2B3  N.159                           
       C2CB  N.160                           
       C2D0  N.161                           
       C2D9  N.162                           
       C304  N.164                           
       C30B  _proceed_dim                    
       C30B  N.168                           
       C334  N.169                           
       C33E  N.170                           
       C347  N.171                           
       C353  _home_score                     
       C358  N.187                           
       C35C  N.189                           
       C385  N.191                           
       C38E  N.192                           
       C393  N.193                           
       C398  N.194                           
       C39E  N.195                           
       C3A4  N.196                           
       C3AD  N.198                           
       C3B9  N.199                           
       C3CD  N.200                           
       C3DE  N.201                           
       C413  N.202                           
       C433  N.204                           
       C44F  N.205                           
       C463  N.206                           
       C468  N.207                           
       C46D  N.208                           
       C472  N.209                           
       C477  N.210                           
       C47C  N.211                           
       C485  N.213                           
       C492  N.214                           
       C49C  N.215                           
       C4A1  N.216                           
       C4A6  N.217                           
       C4DB  N.218                           
       C4FB  N.220                           
       C505  N.221                           
       C50A  N.222                           
       C50F  N.223                           
       C515  N.224                           
       C54A  N.225                           
       C56A  N.227                           
       C584  N.228                           
       C5CA  N.229                           
       C5DF  N.230                           
       C5FC  N.231                           
       C61D  _guest_score                    
       C622  N.239                           
       C626  N.241                           
       C64F  N.243                           
       C658  N.244                           
       C65D  N.245                           
       C662  N.246                           
       C668  N.247                           
       C66E  N.248                           
       C677  N.250                           
       C683  N.251                           
       C697  N.252                           
       C6A8  N.253                           
       C6DD  N.254                           
       C6FD  N.256                           
       C719  N.257                           
       C72D  N.258                           
       C732  N.259                           
       C737  N.260                           
       C73C  N.261                           
       C741  N.262                           
       C746  N.263                           
       C74F  N.265                           
       C75C  N.266                           
       C766  N.267                           
       C76B  N.268                           
       C770  N.269                           
       C7A5  N.270                           
       C7C5  N.272                           
       C7CF  N.273                           
       C7D4  N.274                           
       C7D9  N.275                           
       C7DF  N.276                           
       C814  N.277                           
       C834  N.279                           
       C84E  N.280                           
       C894  N.281                           
       C8A9  N.282                           
       C8C6  N.283                           
       C8E7  _period                         
       C8EC  N.290                           
       C8F0  N.292                           
       C919  N.294                           
       C922  N.295                           
       C927  N.296                           
       C92C  N.297                           
       C935  N.299                           
       C941  N.300                           
       C955  N.301                           
       C966  N.302                           
       C993  N.304                           
       C9AF  N.305                           
       C9C3  N.306                           
       C9C8  N.307                           
       C9CD  N.308                           
       C9D2  N.309                           
       C9D7  N.310                           
       C9E0  N.312                           
       C9ED  N.313                           
       C9F7  N.314                           
       C9FC  N.315                           
       CA01  N.316                           
       CA2D  N.318                           
       CA37  N.319                           
       CA3C  N.320                           
       CA41  N.321                           
       CA47  N.322                           
       CA72  N.324                           
       CA86  N.325                           
       CAB5  N.326                           
       CAD1  _bonus_possession               
       CAD6  N.333                           
       CADA  N.336                           
       CB03  N.338                           
       CB0C  N.339                           
       CB25  N.340                           
       CB3E  N.342                           
       CB44  N.343                           
       CB4A  N.344                           
       CB50  N.345                           
       CB56  N.346                           
       CB5F  N.348                           
       CB78  N.349                           
       CB85  N.350                           
       CB96  N.351                           
       CBEA  N.352                           
       CC17  N.354                           
       CC24  N.355                           
       CC35  N.356                           
       CC89  N.357                           
       CCD2  N.359                           
       CCDF  N.360                           
       CCF0  N.361                           
       CD44  N.362                           
       CD8C  N.364                           
       CD96  N.365                           
       CDA7  N.366                           
       CDC4  _test_segments                  
       CDCB  N.379                           
       CDF4  N.381                           
       CE10  N.382                           
       CE2C  N.383                           
       CE46  N.384                           
       CE8C  N.385                           
       CE9C  N.386                           
       CEC8  N.387                           
       CECB  N.388                           
       CEE7  N.389                           
       CF13  N.390                           
       CF16  N.391                           
       CF3A  N.393                           
       CF82  N.394                           
       CF8E  _day_time                       
       CF97  N.401                           
       CF9B  N.408                           
       CFC4  N.410                           
       CFCD  N.411                           
       CFD7  N.412                           
       CFDC  N.413                           
       CFE1  N.414                           
       CFE6  N.415                           
       CFEB  N.416                           
       CFF6  N.417                           
       CFFB  N.419                           
       D001  N.420                           
       D007  N.421                           
       D00D  N.422                           
       D017  N.425                           
       D023  N.426                           
       D086  N.427                           
       D0B6  N.428                           
       D0CE  N.429                           
       D0D3  N.430                           
       D0E7  N.431                           
       D0EC  N.432                           
       D0F3  N.433                           
       D11B  N.434                           
       D120  N.435                           
       D134  N.436                           
       D139  N.437                           
       D13E  N.444                           
       D14B  N.445                           
       D162  N.446                           
       D17A  N.447                           
       D192  N.448                           
       D1AD  N.452                           
       D1B9  N.453                           
       D1D5  N.454                           
       D1F7  N.455                           
       D20B  N.456                           
       D210  N.457                           
       D229  N.458                           
       D253  N.459                           
       D258  N.460                           
       D260  N.462                           
       D26D  N.463                           
       D287  N.464                           
       D2C8  N.465                           
       D2D3  N.466                           
       D2EB  N.467                           
       D303  N.468                           
       D31B  N.469                           
       D337  N.471                           
       D341  N.472                           
       D346  N.473                           
       D34E  N.475                           
       D358  N.476                           
       D35D  N.477                           
       D39E  N.478                           
       D3A5  N.481                           
       D3C5  _game_time                      
       D3CE  N.487                           
       D3D2  N.495                           
       D3FB  N.497                           
       D407  N.498                           
       D40F  N.499                           
       D414  N.500                           
       D417  N.501                           
       D41C  N.502                           
       D421  N.503                           
       D426  N.504                           
       D42C  N.505                           
       D434  N.506                           
       D43A  N.507                           
       D444  N.508                           
       D44F  N.509                           
       D455  N.510                           
       D45B  N.511                           
       D461  N.512                           
       D46B  N.515                           
       D477  N.516                           
       D487  N.517                           
       D4A1  N.518                           
       D4FB  N.519                           
       D55E  N.520                           
       D58E  N.521                           
       D5A6  N.522                           
       D5AB  N.523                           
       D5C2  N.524                           
       D5C7  N.525                           
       D5DE  N.526                           
       D5E3  N.527                           
       D5FA  N.528                           
       D602  N.535                           
       D64C  N.536                           
       D6AF  N.537                           
       D6DF  N.538                           
       D6F4  N.540                           
       D6F9  N.541                           
       D70D  N.543                           
       D712  N.544                           
       D726  N.546                           
       D730  N.547                           
       D735  N.548                           
       D73D  N.556                           
       D74A  N.557                           
       D77E  N.558                           
       D7A7  N.559                           
       D7E0  N.560                           
       D83F  N.561                           
       D847  N.564                           
       D870  N.565                           
       D888  N.566                           
       D8A0  N.567                           
       D8B8  N.570                           
       D8C5  N.571                           
       D8CD  N.572                           
       D959  N.574                           
       D95E  N.575                           
       D970  N.576                           
       D976  N.577                           
       D97F  N.579                           
       D987  N.583                           
       D999  N.584                           
       D99E  N.585                           
       D9A6  N.586                           
       D9AE  N.591                           
       D9BA  N.592                           
       D9D6  N.593                           
       D9EA  N.594                           
       D9EF  N.595                           
       DA08  N.596                           
       DA32  N.597                           
       DA37  N.598                           
       DA3F  N.600                           
       DA5B  N.601                           
       DA6F  N.602                           
       DA74  N.603                           
       DA7A  N.604                           
       DA82  N.605                           
       DA8A  N.607                           
       DA9E  N.608                           
       DAB2  N.609                           
       DAC6  N.610                           
       DAD8  N.612                           
       DADD  N.613                           
       DAE6  N.616                           
       DAFA  N.617                           
       DB0C  N.618                           
       DB15  N.620                           
       DB1F  N.621                           
       DB27  N.622                           
       DB2F  N.624                           
       DB39  N.625                           
       DB4B  N.626                           
       DB5D  N.627                           
       DB65  N.629                           
       DB6F  N.630                           
       DB79  N.631                           
       DB7E  N.632                           
       DB89  N.633                           
       DB98  N.634                           
       DBA7  N.635                           
       DBB1  N.636                           
       DBB6  N.638                           
       DBBF  N.640                           
       DBC9  N.641                           
       DBD3  N.642                           
       DBD8  N.643                           
       DBEC  N.644                           
       DBF1  N.646                           
       DBF9  N.648                           
       DC06  N.649                           
       DC20  N.650                           
       DC26  N.651                           
       DC2C  N.652                           
       DC32  N.653                           
       DC3D  N.654                           
       DC55  N.655                           
       DC6D  N.656                           
       DC85  N.657                           
       DCA1  N.659                           
       DCDD  N.661                           
       DCE2  N.662                           
       DCEA  N.664                           
       DCF7  N.665                           
       DCFC  N.666                           
       DD42  N.667                           
       DD94  N.668                           
       DD99  N.669                           
       DD9E  N.670                           
       DDA3  N.674                           
       DDB7  N.675                           
       DDBF  N.676                           
       DDCB  _process_data                   
       DDCF  N.686                           
       DDFC  N.694                           
       DE02  N.695                           
       DE09  N.696                           
       DE10  N.697                           
       DE17  N.703                           
       DE24  N.707                           
       DE4C  N.709                           
       DE75  N.710                           
       DE7A  N.711                           
       DE85  _main                           
       DE88  N.721                           
       DEB1  N.722                           
       DEB6  N.723                           
       DEB9  N.724                           
       DEBF  N.726                           
       DEBF  N.729                           
       DEEC  N.730                           
       DEF5  N.731                           
       DF20  N.733                           
       DF26  N.734                           
       DF33  N.735                           
       DF5E  _datachange                     
       DF60  N.744                           
       DF89  N.745                           
       DF8C  N.746                           
       DF9F  _integrate                      
       DFA3  N.751                           
       DFCC  N.753                           
       DFEA  N.754                           
       DFEF  N.755                           
       DFF4  N.756                           
       DFF7  N.759                           
       E016  N.760                           
       E01B  N.761                           
       E044  __sci                           
       E049  N.773                           
       E050  N.776                           
       E079  N.778                           
       E07F  N.779                           
       E085  N.780                           
       E0A2  N.781                           
       E0A5  N.782                           
       E0E1  N.785                           
       E0ED  N.786                           
       E132  N.787                           
       E164  __rti                           
       E168  N.796                           
       E16D  N.798                           
       E196  N.800                           
       E1A8  N.802                           
       E1AE  N.805                           
       E1CA  N.806                           
       E1E2  N.807                           
       E1FB  N.808                           
       E1FE  N.809                           
       E21A  N.811                           
       E235  N.812                           
       E24D  N.813                           
       E266  N.814                           
       E269  N.815                           
       E285  N.817                           
       E2A9  N.818                           
       E2C1  N.819                           
       E2FC  N.821                           
       E335  N.822                           
       E338  N.823                           
       E354  N.825                           
       E378  N.826                           
       E390  N.827                           
       E398  N.828                           
       E3AF  N.829                           
       E3BD  N.830                           
       E3EB  N.831                           
       E3EE  N.832                           
       E409  N.834                           
       E429  __fpmod                         
       E435  __fpmul                         
       E45F  __fp_return_max                 
       E461  __fp_return_div0                
       E468  __fp_return_zero                
       E4EE  __fp_remcomp                    
       E536  __fpsub                         
       E544  __fp_intfrac                    
       E56F  __fp_is_acc1_zero               
       E57A  __fp_xfer_acc1_to_acc2          
       E58D  __push_fpacc2                   
       E597  __pull_fpacc2                   
       E5A7  __to_fpacc1                     
       E5C3  __to_fpacc2                     
       E5DE  __from_fpacc1                   
       E5EF  __from_fpacc2                   
       E600  __copy_float                    
       E60B  ONE                             
       E60F  CONSTP5                         
       E613  CONSTP1                         
       E617  CONST10                         
       E61B  __fpneg                         
       E625  LNTBL                           
       E642  MONE                            
       E646  NLN2                            
       E64A  N1DLN10                         
       E665  __fp_to_int                     
       E692  __fpadd                         
       E7A6  __fpcmp                         
       E7E0  __fpdiv                         
       E87D  __mulu                          
       E87D  __muli                          
       E89C  __divi                          
       E8C7  __modi                          

Hexidecimal

Area                               Addr   Size   Decimal Bytes
--------------------------------   ----   ----   ------- -----
bss                                0000   00AF =    175. bytes 

      Value  Global
      -----  --------------------------------
       0000  __bss_start                     
       005A  _buffer                         
       005E  _no_rx_time                     
       0060  _blink_segments                 
       0061  _blink_character                
       0062  _day_time_data                  
       006A  _data                           
       009A  _dim                            
       009C  _power_on_restarted             
       009D  _received                       
       009E  _sci_input_counter              
       00A2  _sci_input_buffer               
       00A3  _mode                           
       00A4  _system_flag                    
       00A5  __fpacc1_exp                    
       00A6  __fpacc1_mantissa               
       00A9  __fpacc1_mantissa_sign          
       00AA  __fpacc2_exp                    
       00AB  __fpacc2_mantissa               
       00AE  __fpacc2_mantissa_sign          
       00AF  __bss_end                       

Hexidecimal

Area                               Addr   Size   Decimal Bytes
--------------------------------   ----   ----   ------- -----
interrupt_vectors                  FFD6   002A =     42. bytes 

Files Linked      [ module(s) ]

C:\I\ICC11\lib\crt11.o  [    CRT11 ]
N.o               [        N ]
<library>         [ fpmodmul,    fpsub,       fp,   fp2int,    fpadd,
                       fpcmp,    fpdiv,      mul,      div,      mod ]
C:\I\ICC11\lib\end.o  [      end ]

User Base Address Definitions

text = 0xc000
data = 0x0
interrupt_vectors = 0xffd6

